------------------------------------------------------------
TimeQuest Timing Analyzer Summary
------------------------------------------------------------

Type  : Slow 1200mV 85C Model Setup 'xillybus_ins|pcie|wrapper|altpcie_hip_pipen1b_inst|cyclone_iii.cycloneiv_hssi_pcie_hip|coreclkout'
Slack : 0.376
TNS   : 0.000

Type  : Slow 1200mV 85C Model Setup 'clkpll|auto_generated|pll1|clk[0]'
Slack : 1.836
TNS   : 0.000

Type  : Slow 1200mV 85C Model Setup 'n/a'
Slack : 12.326
TNS   : 0.000

Type  : Slow 1200mV 85C Model Setup 'clk_50'
Slack : 12.392
TNS   : 0.000

Type  : Slow 1200mV 85C Model Setup 'altera_reserved_tck'
Slack : 42.956
TNS   : 0.000

Type  : Slow 1200mV 85C Model Hold 'clkpll|auto_generated|pll1|clk[0]'
Slack : -2.296
TNS   : -4.591

Type  : Slow 1200mV 85C Model Hold 'xillybus_ins|pcie|wrapper|altpcie_hip_pipen1b_inst|cyclone_iii.cycloneiv_hssi_pcie_hip|coreclkout'
Slack : 0.256
TNS   : 0.000

Type  : Slow 1200mV 85C Model Hold 'altera_reserved_tck'
Slack : 0.383
TNS   : 0.000

Type  : Slow 1200mV 85C Model Hold 'clk_50'
Slack : 0.400
TNS   : 0.000

Type  : Slow 1200mV 85C Model Hold 'n/a'
Slack : 4.732
TNS   : 0.000

Type  : Slow 1200mV 85C Model Recovery 'xillybus_ins|pcie|wrapper|altpcie_hip_pipen1b_inst|cyclone_iii.cycloneiv_hssi_pcie_hip|coreclkout'
Slack : 2.653
TNS   : 0.000

Type  : Slow 1200mV 85C Model Recovery 'clkpll|auto_generated|pll1|clk[0]'
Slack : 4.667
TNS   : 0.000

Type  : Slow 1200mV 85C Model Recovery 'altera_reserved_tck'
Slack : 47.832
TNS   : 0.000

Type  : Slow 1200mV 85C Model Removal 'xillybus_ins|pcie|wrapper|altpcie_hip_pipen1b_inst|cyclone_iii.cycloneiv_hssi_pcie_hip|coreclkout'
Slack : 1.035
TNS   : 0.000

Type  : Slow 1200mV 85C Model Removal 'clkpll|auto_generated|pll1|clk[0]'
Slack : 1.152
TNS   : 0.000

Type  : Slow 1200mV 85C Model Removal 'altera_reserved_tck'
Slack : 1.173
TNS   : 0.000

Type  : Slow 1200mV 85C Model Minimum Pulse Width 'clk_50'
Slack : 0.000
TNS   : 0.000

Type  : Slow 1200mV 85C Model Minimum Pulse Width 'xillybus_ins|pcie|serdes|pcie_c4_1x_serdes_alt_c3gxb_7cf8_component|transmit_pcs0|hiptxclkout'
Slack : 2.000
TNS   : 0.000

Type  : Slow 1200mV 85C Model Minimum Pulse Width 'xillybus_ins|pcie|serdes|pcie_c4_1x_serdes_alt_c3gxb_7cf8_component|transmit_pma0|clockout'
Slack : 2.000
TNS   : 0.000

Type  : Slow 1200mV 85C Model Minimum Pulse Width 'xillybus_ins|pcie|wrapper|altpcie_hip_pipen1b_inst|cyclone_iii.cycloneiv_hssi_pcie_hip|coreclkout'
Slack : 3.581
TNS   : 0.000

Type  : Slow 1200mV 85C Model Minimum Pulse Width 'clkpll|auto_generated|pll1|clk[0]'
Slack : 3.641
TNS   : 0.000

Type  : Slow 1200mV 85C Model Minimum Pulse Width 'xillybus_ins|pcie|wrapper|altpcie_hip_pipen1b_inst|cyclone_iii.cycloneiv_hssi_pcie_hip|pclkch0'
Slack : 3.977
TNS   : 0.000

Type  : Slow 1200mV 85C Model Minimum Pulse Width 'pcie_refclk'
Slack : 4.826
TNS   : 0.000

Type  : Slow 1200mV 85C Model Minimum Pulse Width 'altera_reserved_tck'
Slack : 49.702
TNS   : 0.000

Type  : Slow 1200mV 0C Model Setup 'xillybus_ins|pcie|wrapper|altpcie_hip_pipen1b_inst|cyclone_iii.cycloneiv_hssi_pcie_hip|coreclkout'
Slack : 1.037
TNS   : 0.000

Type  : Slow 1200mV 0C Model Setup 'clkpll|auto_generated|pll1|clk[0]'
Slack : 1.975
TNS   : 0.000

Type  : Slow 1200mV 0C Model Setup 'clk_50'
Slack : 13.042
TNS   : 0.000

Type  : Slow 1200mV 0C Model Setup 'n/a'
Slack : 13.211
TNS   : 0.000

Type  : Slow 1200mV 0C Model Setup 'altera_reserved_tck'
Slack : 43.477
TNS   : 0.000

Type  : Slow 1200mV 0C Model Hold 'clkpll|auto_generated|pll1|clk[0]'
Slack : -2.022
TNS   : -4.042

Type  : Slow 1200mV 0C Model Hold 'xillybus_ins|pcie|wrapper|altpcie_hip_pipen1b_inst|cyclone_iii.cycloneiv_hssi_pcie_hip|coreclkout'
Slack : 0.187
TNS   : 0.000

Type  : Slow 1200mV 0C Model Hold 'altera_reserved_tck'
Slack : 0.351
TNS   : 0.000

Type  : Slow 1200mV 0C Model Hold 'clk_50'
Slack : 0.351
TNS   : 0.000

Type  : Slow 1200mV 0C Model Hold 'n/a'
Slack : 4.291
TNS   : 0.000

Type  : Slow 1200mV 0C Model Recovery 'xillybus_ins|pcie|wrapper|altpcie_hip_pipen1b_inst|cyclone_iii.cycloneiv_hssi_pcie_hip|coreclkout'
Slack : 3.241
TNS   : 0.000

Type  : Slow 1200mV 0C Model Recovery 'clkpll|auto_generated|pll1|clk[0]'
Slack : 4.915
TNS   : 0.000

Type  : Slow 1200mV 0C Model Recovery 'altera_reserved_tck'
Slack : 48.021
TNS   : 0.000

Type  : Slow 1200mV 0C Model Removal 'xillybus_ins|pcie|wrapper|altpcie_hip_pipen1b_inst|cyclone_iii.cycloneiv_hssi_pcie_hip|coreclkout'
Slack : 0.942
TNS   : 0.000

Type  : Slow 1200mV 0C Model Removal 'clkpll|auto_generated|pll1|clk[0]'
Slack : 1.050
TNS   : 0.000

Type  : Slow 1200mV 0C Model Removal 'altera_reserved_tck'
Slack : 1.073
TNS   : 0.000

Type  : Slow 1200mV 0C Model Minimum Pulse Width 'clk_50'
Slack : 0.000
TNS   : 0.000

Type  : Slow 1200mV 0C Model Minimum Pulse Width 'xillybus_ins|pcie|serdes|pcie_c4_1x_serdes_alt_c3gxb_7cf8_component|transmit_pcs0|hiptxclkout'
Slack : 2.000
TNS   : 0.000

Type  : Slow 1200mV 0C Model Minimum Pulse Width 'xillybus_ins|pcie|serdes|pcie_c4_1x_serdes_alt_c3gxb_7cf8_component|transmit_pma0|clockout'
Slack : 2.000
TNS   : 0.000

Type  : Slow 1200mV 0C Model Minimum Pulse Width 'xillybus_ins|pcie|wrapper|altpcie_hip_pipen1b_inst|cyclone_iii.cycloneiv_hssi_pcie_hip|coreclkout'
Slack : 3.521
TNS   : 0.000

Type  : Slow 1200mV 0C Model Minimum Pulse Width 'clkpll|auto_generated|pll1|clk[0]'
Slack : 3.643
TNS   : 0.000

Type  : Slow 1200mV 0C Model Minimum Pulse Width 'xillybus_ins|pcie|wrapper|altpcie_hip_pipen1b_inst|cyclone_iii.cycloneiv_hssi_pcie_hip|pclkch0'
Slack : 3.971
TNS   : 0.000

Type  : Slow 1200mV 0C Model Minimum Pulse Width 'pcie_refclk'
Slack : 4.824
TNS   : 0.000

Type  : Slow 1200mV 0C Model Minimum Pulse Width 'altera_reserved_tck'
Slack : 49.704
TNS   : 0.000

Type  : Fast 1200mV 0C Model Setup 'clkpll|auto_generated|pll1|clk[0]'
Slack : 2.774
TNS   : 0.000

Type  : Fast 1200mV 0C Model Setup 'xillybus_ins|pcie|wrapper|altpcie_hip_pipen1b_inst|cyclone_iii.cycloneiv_hssi_pcie_hip|coreclkout'
Slack : 3.354
TNS   : 0.000

Type  : Fast 1200mV 0C Model Setup 'n/a'
Slack : 15.471
TNS   : 0.000

Type  : Fast 1200mV 0C Model Setup 'clk_50'
Slack : 16.223
TNS   : 0.000

Type  : Fast 1200mV 0C Model Setup 'altera_reserved_tck'
Slack : 46.752
TNS   : 0.000

Type  : Fast 1200mV 0C Model Hold 'clkpll|auto_generated|pll1|clk[0]'
Slack : -1.387
TNS   : -2.772

Type  : Fast 1200mV 0C Model Hold 'xillybus_ins|pcie|wrapper|altpcie_hip_pipen1b_inst|cyclone_iii.cycloneiv_hssi_pcie_hip|coreclkout'
Slack : 0.018
TNS   : 0.000

Type  : Fast 1200mV 0C Model Hold 'altera_reserved_tck'
Slack : 0.175
TNS   : 0.000

Type  : Fast 1200mV 0C Model Hold 'clk_50'
Slack : 0.180
TNS   : 0.000

Type  : Fast 1200mV 0C Model Hold 'n/a'
Slack : 2.417
TNS   : 0.000

Type  : Fast 1200mV 0C Model Recovery 'xillybus_ins|pcie|wrapper|altpcie_hip_pipen1b_inst|cyclone_iii.cycloneiv_hssi_pcie_hip|coreclkout'
Slack : 4.954
TNS   : 0.000

Type  : Fast 1200mV 0C Model Recovery 'clkpll|auto_generated|pll1|clk[0]'
Slack : 6.225
TNS   : 0.000

Type  : Fast 1200mV 0C Model Recovery 'altera_reserved_tck'
Slack : 49.212
TNS   : 0.000

Type  : Fast 1200mV 0C Model Removal 'xillybus_ins|pcie|wrapper|altpcie_hip_pipen1b_inst|cyclone_iii.cycloneiv_hssi_pcie_hip|coreclkout'
Slack : 0.491
TNS   : 0.000

Type  : Fast 1200mV 0C Model Removal 'clkpll|auto_generated|pll1|clk[0]'
Slack : 0.556
TNS   : 0.000

Type  : Fast 1200mV 0C Model Removal 'altera_reserved_tck'
Slack : 0.561
TNS   : 0.000

Type  : Fast 1200mV 0C Model Minimum Pulse Width 'clk_50'
Slack : 0.000
TNS   : 0.000

Type  : Fast 1200mV 0C Model Minimum Pulse Width 'xillybus_ins|pcie|serdes|pcie_c4_1x_serdes_alt_c3gxb_7cf8_component|transmit_pcs0|hiptxclkout'
Slack : 2.000
TNS   : 0.000

Type  : Fast 1200mV 0C Model Minimum Pulse Width 'xillybus_ins|pcie|serdes|pcie_c4_1x_serdes_alt_c3gxb_7cf8_component|transmit_pma0|clockout'
Slack : 2.000
TNS   : 0.000

Type  : Fast 1200mV 0C Model Minimum Pulse Width 'xillybus_ins|pcie|wrapper|altpcie_hip_pipen1b_inst|cyclone_iii.cycloneiv_hssi_pcie_hip|coreclkout'
Slack : 3.683
TNS   : 0.000

Type  : Fast 1200mV 0C Model Minimum Pulse Width 'clkpll|auto_generated|pll1|clk[0]'
Slack : 3.742
TNS   : 0.000

Type  : Fast 1200mV 0C Model Minimum Pulse Width 'xillybus_ins|pcie|wrapper|altpcie_hip_pipen1b_inst|cyclone_iii.cycloneiv_hssi_pcie_hip|pclkch0'
Slack : 3.994
TNS   : 0.000

Type  : Fast 1200mV 0C Model Minimum Pulse Width 'pcie_refclk'
Slack : 4.570
TNS   : 0.000

Type  : Fast 1200mV 0C Model Minimum Pulse Width 'altera_reserved_tck'
Slack : 49.415
TNS   : 0.000

------------------------------------------------------------
